******************************************************************************
               TMS320C6x Linker PC v7.4.4                      
******************************************************************************
>> Linked Thu Sep 22 15:21:02 2016

OUTPUT FILE NAME:   <app2_project.out>
ENTRY POINT SYMBOL: "_c_int00"  address: 00001a60


MEMORY CONFIGURATION

         name            origin    length      used     unused   attr    fill
----------------------  --------  ---------  --------  --------  ----  --------
  IVECS                 00000000   00000220  00000200  00000020  RWIX
  IRAM                  00000220   0002fde0  000019c0  0002e420  RWIX
  SDRAM                 80000000   01000000  00000000  01000000  RWIX
  FLASH                 90000000   00020000  00000000  00020000  RWIX


SECTION ALLOCATION MAP

 output                                  attributes/
section   page    origin      length       input sections
--------  ----  ----------  ----------   ----------------
.vectors   0    00000000    00000200     
                  00000000    00000200     Vectors_intr.obj (.vectors)

.bss       0    00000220    00000000     UNINITIALIZED

.stack     0    00000220    00001000     UNINITIALIZED
                  00000220    00000008     rts6700.lib : boot.obj (.stack)
                  00000228    00000ff8     --HOLE--

.text      0    00001220    00000980     
                  00001220    00000240     rts6700.lib : memcpy62.obj (.text:_memcpy)
                  00001460    000001c0     main.obj (.text)
                  00001620    00000120     main.obj (.text:retain)
                  00001740    00000100     rts6700.lib : autoinit.obj (.text:__auto_init)
                  00001840    000000e0                 : exit.obj (.text:_exit)
                  00001920    000000c0                 : cpy_tbl.obj (.text:_copy_in)
                  000019e0    00000080                 : cpp_init.obj (.text:___TI_cpp_init)
                  00001a60    00000080                 : boot.obj (.text:_c_int00)
                  00001ae0    00000040                 : args_main.obj (.text:__args_main)
                  00001b20    00000040     fonction.obj (.text)
                  00001b60    00000020     Vectors_intr.obj (.text)
                  00001b80    00000020     rts6700.lib : exit.obj (.text:_abort)

.cinit     0    00001ba0    00000034     
                  00001ba0    0000002c     rts6700.lib : exit.obj (.cinit)
                  00001bcc    00000004     --HOLE-- [fill = 0]
                  00001bd0    00000004     (.pad.cinit) [fill = 0]

.far       0    00001bd4    0000000c     UNINITIALIZED
                  00001bd4    0000000c     rts6700.lib : exit.obj (.far)


GLOBAL SYMBOLS: SORTED ALPHABETICALLY BY Name 

address    name
--------   ----
00000220   $bss
00000220   .bss
00001220   .text
00001b80   C$$EXIT
00001220   __STACK_END
00001000   __STACK_SIZE
00000001   __TI_args_main
000019e0   ___TI_cpp_init
00001bdc   ___TI_enable_exit_profile_output
ffffffff   ___TI_pprof_out_hndl
ffffffff   ___TI_prof_data_size
ffffffff   ___TI_prof_data_start
ffffffff   ___binit__
00000220   ___bss__
ffffffff   ___c_args__
00001ba0   ___cinit__
00000220   ___end__
00001ba0   ___etext__
ffffffff   ___pinit__
00001220   ___text__
00001ae0   __args_main
00001740   __auto_init
00001bd4   __cleanup_ptr
00001bd8   __dtors_ptr
00000220   __stack
00001b80   _abort
000014c8   _blink
00001a60   _c_int00
00001620   _c_int4
00001560   _changeSrcInterrupt
00001460   _configAndStartTimer1
00001920   _copy_in
00001b20   _enableInterrupts
00001840   _exit
00001590   _main
00001220   _memcpy
00000020   _vector1
00000140   _vector10
00000160   _vector11
00000180   _vector12
000001a0   _vector13
000001c0   _vector14
000001e0   _vector15
00000040   _vector2
00000060   _vector3
000000a0   _vector5
000000c0   _vector6
000000e0   _vector7
00000100   _vector8
00000120   _vector9
00000000   _vectors
ffffffff   binit
00001ba0   cinit
00000220   end
00001ba0   etext
ffffffff   pinit


GLOBAL SYMBOLS: SORTED BY Symbol Address 

address    name
--------   ----
00000000   _vectors
00000001   __TI_args_main
00000020   _vector1
00000040   _vector2
00000060   _vector3
000000a0   _vector5
000000c0   _vector6
000000e0   _vector7
00000100   _vector8
00000120   _vector9
00000140   _vector10
00000160   _vector11
00000180   _vector12
000001a0   _vector13
000001c0   _vector14
000001e0   _vector15
00000220   $bss
00000220   .bss
00000220   ___bss__
00000220   ___end__
00000220   __stack
00000220   end
00001000   __STACK_SIZE
00001220   .text
00001220   __STACK_END
00001220   ___text__
00001220   _memcpy
00001460   _configAndStartTimer1
000014c8   _blink
00001560   _changeSrcInterrupt
00001590   _main
00001620   _c_int4
00001740   __auto_init
00001840   _exit
00001920   _copy_in
000019e0   ___TI_cpp_init
00001a60   _c_int00
00001ae0   __args_main
00001b20   _enableInterrupts
00001b80   C$$EXIT
00001b80   _abort
00001ba0   ___cinit__
00001ba0   ___etext__
00001ba0   cinit
00001ba0   etext
00001bd4   __cleanup_ptr
00001bd8   __dtors_ptr
00001bdc   ___TI_enable_exit_profile_output
ffffffff   ___TI_pprof_out_hndl
ffffffff   ___TI_prof_data_size
ffffffff   ___TI_prof_data_start
ffffffff   ___binit__
ffffffff   ___c_args__
ffffffff   ___pinit__
ffffffff   binit
ffffffff   pinit

[56 symbols]
